[www.sileglostore.it/index.html]
[backblue.gif]
[fade.gif]
[index.html]
[www.sileglostore.it/favicon.png]
[www.sileglostore.it/style/reset.css]
[www.sileglostore.it/style/print.css]
[www.sileglostore.it/style/style.css]
[www.sileglostore.it/style/template.css]
[www.sileglostore.it/style/menu.css]
[www.sileglostore.it/pcss/index.css]
[www.sileglostore.it/res/jquery9bf3.js]
[www.sileglostore.it/res/x5engine9bf3.js]
[www.sileglostore.it/menu/set-lego_h.png]
[www.sileglostore.it/menu/minifigures_h.png]
[www.sileglostore.it/menu/eventi_h.png]
[www.sileglostore.it/menu/contatti_h.png]
[www.sileglostore.it/menu/sfuso_h.png]
[www.sileglostore.it/menu/giocattoli-vintage_h.png]
[www.sileglostore.it/menu/gadget_h.png]
[www.sileglostore.it/menu/ordini_h.png]
[www.sileglostore.it/menu/schleich_h.png]
[www.sileglostore.it/menu/mega-bloks_h.png]
[www.sileglostore.it/res/imLoad.gif]
[www.sileglostore.it/res/imsearch.png]
[www.sileglostore.it/set-lego.html]
[www.sileglostore.it/minifigures.html]
[www.sileglostore.it/sfuso.html]
[www.sileglostore.it/gadget.html]
[www.sileglostore.it/giocattoli-vintage.html]
[www.sileglostore.it/schleich.html]
[www.sileglostore.it/mega-bloks.html]
[www.sileglostore.it/ordini.html]
[www.sileglostore.it/eventi.html]
[www.sileglostore.it/contatti.html]
[www.sileglostore.it/images/PROVA-9.png]
[www.sileglostore.it/collezionisti.html]
[www.sileglostore.it/technic.html]
[www.sileglostore.it/sistem.html]
[www.sileglostore.it/lone-ranger.html]
[www.sileglostore.it/train.html]
[www.sileglostore.it/altri-set.html]
[www.sileglostore.it/images/SCHLEICH.jpg]
[www.sileglostore.it/images/C-/Users/mike/Desktop/puffi-2013-puffi-ultima-puntata.jpg]
[www.sileglostore.it/harry-potter.html]
[www.sileglostore.it/legoland.html]
[connect.facebook.net/it_IT/all.js]
[www.sileglostore.it/images/lego-signore-degli-anelli_top.jpg]
[www.sileglostore.it/images/C-/Users/mike/Desktop/sito/minifig/c_res_640px-Lotr_figs-2.jpg]
[www.sileglostore.it/pagamenti-e-spedizioni.html]
[www.sileglostore.it/images/dollari.jpg]
[www.sileglostore.it/images/ScreenHunter_01-Jun.-25-23.48.jpg]
[www.sileglostore.it/imsitemap.html]
[www.sileglostore.it/index.html]
[www.sileglostore.it/style/reset.css]
[www.sileglostore.it/style/print.css]
[www.sileglostore.it/style/style.css]
[www.sileglostore.it/style/bg.jpg]
[www.sileglostore.it/style/top.png]
[www.sileglostore.it/style/bottom.png]
[www.sileglostore.it/style/template.css]
[www.sileglostore.it/menu/index.png]
[www.sileglostore.it/menu/index_h.png]
[www.sileglostore.it/menu/set-lego.png]
[www.sileglostore.it/menu/minifigures.png]
[www.sileglostore.it/menu/eventi.png]
[www.sileglostore.it/menu/contatti.png]
[www.sileglostore.it/menu/sfuso.png]
[www.sileglostore.it/menu/giocattoli-vintage.png]
[www.sileglostore.it/menu/gadget.png]
[www.sileglostore.it/menu/ordini.png]
[www.sileglostore.it/menu/schleich.png]
[www.sileglostore.it/menu/mega-bloks.png]
[www.sileglostore.it/res/separatorv.png]
[www.sileglostore.it/style/menu.css]
[www.sileglostore.it/pcss/index.css]
[www.sileglostore.it/res/jquery9bf3.js]
[www.sileglostore.it/res/x5engine.deferrable.js]
[www.sileglostore.it/res/l10n.js]
[www.sileglostore.it/res/x5engine9bf3.js]
[www.sileglostore.it/res/x5cartengine.js]
[www.sileglostore.it/pcss/set-lego.css]
[www.sileglostore.it/images/Lego_System.png]
[www.sileglostore.it/images/newlego.jpg]
[www.sileglostore.it/heroes.html]
[www.sileglostore.it/images/ScreenHunter_03-Jun.-18-19.47.jpg]
[www.sileglostore.it/star-wars.html]
[www.sileglostore.it/images/ScreenHunter_04-Jun.-18-19.47.jpg]
[www.sileglostore.it/turtles.html]
[www.sileglostore.it/images/ScreenHunter_05-Jun.-18-19.51.jpg]
[www.sileglostore.it/monster.html]
[www.sileglostore.it/images/ScreenHunter_07-Jun.-18-19.52.jpg]
[www.sileglostore.it/lord-.html]
[www.sileglostore.it/images/ScreenHunter_06-Jun.-18-19.52.jpg]
[www.sileglostore.it/images/collez.-copia.jpg]
[www.sileglostore.it/ninjago.html]
[www.sileglostore.it/images/ninjago.jpg]
[www.sileglostore.it/hero.html]
[www.sileglostore.it/images/ScreenHunter_02-Jun.-20-17.39.jpg]
[www.sileglostore.it/architetture.html]
[www.sileglostore.it/images/architet..jpg]
[www.sileglostore.it/creator.html]
[www.sileglostore.it/images/creator.jpg]
[www.sileglostore.it/images/1111_modificato-1.jpg]
[www.sileglostore.it/city.html]
[www.sileglostore.it/images/ScreenHunter_02-Jun.-18-19.46.jpg]
[www.sileglostore.it/chima.html]
[www.sileglostore.it/images/ScreenHunter_01-Jun.-18-06.46.jpg]
[www.sileglostore.it/images/ScreenHunter_01-Jun.-18-19.46.jpg]
[www.sileglostore.it/friend.html]
[www.sileglostore.it/images/ScreenHunter_02-Jun.-18-07.07.jpg]
[www.sileglostore.it/images/ScreenHunter_09-Jun.-18-19.53.jpg]
[www.sileglostore.it/images/EMERALD-1.jpg]
[www.sileglostore.it/images/HarryPotterLego1.jpg]
[www.sileglostore.it/orient.html]
[www.sileglostore.it/images/Senza-titolo-1.jpg]
[www.sileglostore.it/images/ALTRO.jpg]
[www.sileglostore.it/set-lego.html]
[www.sileglostore.it/pcss/minifigures.css]
[www.sileglostore.it/serie-1-.html]
[www.sileglostore.it/images/SERIE-1-copiaN.jpg]
[www.sileglostore.it/serie-2.html]
[www.sileglostore.it/images/SERIE-2.jpg]
[www.sileglostore.it/serie-3.html]
[www.sileglostore.it/images/SERIE-3-N.jpg]
[www.sileglostore.it/serie-4-.html]
[www.sileglostore.it/images/SERIE-4-N.jpg]
[www.sileglostore.it/serie-6.html]
[www.sileglostore.it/images/SERIE-6-copia.jpg]
[www.sileglostore.it/images/mrgold2.jpg]
[www.sileglostore.it/serie-5.html]
[www.sileglostore.it/images/SERIE-5_modificato-1.jpg]
[www.sileglostore.it/serie-7.html]
[www.sileglostore.it/images/serie-7-copia.jpg]
[www.sileglostore.it/serie-8.html]
[www.sileglostore.it/images/SERIE-8-copia.jpg]
[www.sileglostore.it/serie-9.html]
[www.sileglostore.it/images/SERIE-9-copia_modificato-1.jpg]
[www.sileglostore.it/serie10.html]
[www.sileglostore.it/images/SERIE-10-copia.jpg]
[www.sileglostore.it/signore-anelli.html]
[www.sileglostore.it/images/ScreenHunter_06-Jun_d9zzhw51.-18-19.52.jpg]
[www.sileglostore.it/minifigures.html]
[www.sileglostore.it/pcss/sfuso.css]
[www.sileglostore.it/images/Senza-titolo-2.jpg]
[www.sileglostore.it/images/VOLANTINO.jpg]
[www.sileglostore.it/images/ST-PANCRAS.jpg]
[www.sileglostore.it/images/8684_lineup_serie2.jpg]
[www.sileglostore.it/images/WEB-LEGO-3--1-.png]
[www.sileglostore.it/images/k-bigpic.jpg]
[www.sileglostore.it/images/Senza-titolo-2_vl5l6mc1.jpg]
[www.sileglostore.it/sfuso.html]
[www.sileglostore.it/pcss/gadget.css]
[www.sileglostore.it/images/20130627_130207.jpg]
[www.sileglostore.it/files/51r2cIhY0CL._SL1000_.jpg]
[www.sileglostore.it/images/615bAsLGEYL._SL1000_.jpg]
[www.sileglostore.it/gadget.html]
[www.sileglostore.it/pcss/giocattoli-vintage.css]
[www.sileglostore.it/images/LAVORO.jpg]
[www.sileglostore.it/images/LAVORO-2.jpg]
[www.sileglostore.it/images/LAVORO-3.jpg]
[www.sileglostore.it/giocattoli-vintage.html]
[www.sileglostore.it/pcss/schleich.css]
[www.sileglostore.it/puffi.html]
[www.sileglostore.it/images/ScreenHunter_18-Jul.-13-10.32.jpg]
[www.sileglostore.it/dinosauri.html]
[www.sileglostore.it/images/ScreenHunter_14-Jul.-13-10.25.jpg]
[www.sileglostore.it/animali.html]
[www.sileglostore.it/images/ScreenHunter_02-Jul.-13-09.31.jpg]
[www.sileglostore.it/images/ScreenHunter_15-Jul.-13-10.27.jpg]
[www.sileglostore.it/elfi.html]
[www.sileglostore.it/images/ScreenHunter_16-Jul.-13-10.29.jpg]
[www.sileglostore.it/draghi.html]
[www.sileglostore.it/images/ScreenHunter_17-Jul.-13-10.31.jpg]
[www.sileglostore.it/schleich.html]
[www.sileglostore.it/pcss/mega-bloks.css]
[www.sileglostore.it/files/megabloks-10712-pueblo-pitufos-p-PMEG10712.2.jpg]
[www.sileglostore.it/images/10712.jpg]
[www.sileglostore.it/files/mega-bloks-smerfy-zest-papa-smerf-10708.jpg]
[www.sileglostore.it/images/10708un-mega-bloks-smurfs-small-playset-asst-smurfs-games.jpg]
[www.sileglostore.it/files/mega-bloks-nabor-smurfetta-10705-10707_l.jpg]
[www.sileglostore.it/images/megabloks-10705-casa-pitufina-10707-p-PMEG10705.2.jpg]
[www.sileglostore.it/files/1.jpg]
[www.sileglostore.it/images/10718.jpg]
[www.sileglostore.it/files/Klocki-Mega-Bloks-Smerfy-Spioch-1.jpg]
[www.sileglostore.it/images/10700-10704.jpg]
[www.sileglostore.it/mega-bloks.html]
[www.sileglostore.it/pcss/ordini.css]
[www.sileglostore.it/ordini.html]
[www.sileglostore.it/pcss/eventi.css]
[www.sileglostore.it/images/MERCATINO-2.jpg]
[www.sileglostore.it/images/MERCATINO-3.jpg]
[www.sileglostore.it/images/novegro_modificato-1.jpg]
[www.sileglostore.it/images/NOVEGRO.jpg]
[www.sileglostore.it/eventi.html]
[www.sileglostore.it/pcss/contatti.css]
[www.sileglostore.it/images/telefono-1-.gif]
[www.sileglostore.it/images/images.jpg]
[www.sileglostore.it/contatti.html]
[www.sileglostore.it/pcss/collezionisti.css]
[www.sileglostore.it/files/2091.jpg]
[www.sileglostore.it/images/10194-1.jpg]
[www.sileglostore.it/files/10226-1.jpg]
[www.sileglostore.it/images/10226-1.jpg]
[www.sileglostore.it/files/10229-1.jpg]
[www.sileglostore.it/images/10229-1.jpg]
[www.sileglostore.it/files/10232-1.jpg]
[www.sileglostore.it/images/10232-1.jpg]
[www.sileglostore.it/files/10231-1.jpg]
[www.sileglostore.it/images/10231-1.jpg]
[www.sileglostore.it/files/10221-1.jpg]
[www.sileglostore.it/images/10221-1.jpg]
[www.sileglostore.it/files/10179-1.jpg]
[www.sileglostore.it/images/10179-1.jpg]
[www.sileglostore.it/files/10223-1--1-.jpg]
[www.sileglostore.it/images/10223-1.jpg]
[www.sileglostore.it/files/10233-1--1-.jpg]
[www.sileglostore.it/images/10233-1.jpg]
[www.sileglostore.it/files/5521-1--1-.jpg]
[www.sileglostore.it/images/5521-1.jpg]
[www.sileglostore.it/files/10224-1.jpg]
[www.sileglostore.it/images/10224-1--2-.jpg]
[www.sileglostore.it/files/10214-1--1-.jpg]
[www.sileglostore.it/images/10214-1.jpg]
[www.sileglostore.it/files/5580-1--1-.jpg]
[www.sileglostore.it/images/5580-1.jpg]
[www.sileglostore.it/files/10212-1.jpg]
[www.sileglostore.it/images/10212-1.jpg]
[www.sileglostore.it/images/10212-1_pqe1xv49.jpg]
[www.sileglostore.it/collezionisti.html]
[www.sileglostore.it/pcss/technic.css]
[www.sileglostore.it/files/9397-1.jpg]
[www.sileglostore.it/images/9397-1.jpg]
[www.sileglostore.it/files/8074-1.jpg]
[www.sileglostore.it/images/8074-1.jpg]
[www.sileglostore.it/files/8043-1--1-.jpg]
[www.sileglostore.it/images/8043-1.jpg]
[www.sileglostore.it/files/8435-1--1-.jpg]
[www.sileglostore.it/images/8435-1.jpg]
[www.sileglostore.it/files/8445-11.jpg]
[www.sileglostore.it/images/8445-1.jpg]
[www.sileglostore.it/files/8853-1--1-.jpg]
[www.sileglostore.it/images/8853-1.jpg]
[www.sileglostore.it/files/8275-1--1-.jpg]
[www.sileglostore.it/images/8275-1.jpg]
[www.sileglostore.it/files/8459-1--1-.jpg]
[www.sileglostore.it/images/8459-1.jpg]
[www.sileglostore.it/files/8258-1.jpg]
[www.sileglostore.it/images/8258-1.jpg]
[www.sileglostore.it/files/8812-1.jpg]
[www.sileglostore.it/images/8812-1.gif]
[www.sileglostore.it/files/1720.jpg]
[www.sileglostore.it/images/8479-1.jpg]
[www.sileglostore.it/technic.html]
[www.sileglostore.it/pcss/sistem.css]
[www.sileglostore.it/files/6982-1--1-.jpg]
[www.sileglostore.it/images/6982-1.jpg]
[www.sileglostore.it/files/6983-1--1-.jpg]
[www.sileglostore.it/images/6983-1.jpg]
[www.sileglostore.it/files/6571-1.jpg]
[www.sileglostore.it/images/6571-1.gif]
[www.sileglostore.it/files/6852-1--1-.jpg]
[www.sileglostore.it/images/6852-1.jpg]
[www.sileglostore.it/files/6813-1--1-.jpg]
[www.sileglostore.it/images/6813-1.jpg]
[www.sileglostore.it/files/6829-1--1-.jpg]
[www.sileglostore.it/images/6829-1.jpg]
[www.sileglostore.it/files/6834-1.gif]
[www.sileglostore.it/images/6834-1.jpg]
[www.sileglostore.it/files/6535-1--1-.jpg]
[www.sileglostore.it/images/6535-1.jpg]
[www.sileglostore.it/files/6648-1--1-.jpg]
[www.sileglostore.it/images/6648-1.jpg]
[www.sileglostore.it/files/6038-1--1-.jpg]
[www.sileglostore.it/images/6038-1.jpg]
[www.sileglostore.it/files/6236-1--1-.jpg]
[www.sileglostore.it/images/6236-1.jpg]
[www.sileglostore.it/files/6514-1--1-.jpg]
[www.sileglostore.it/images/6514-1.jpg]
[www.sileglostore.it/files/1733-1--1-.jpg]
[www.sileglostore.it/images/1733-1.jpg]
[www.sileglostore.it/files/6009-1.jpg]
[www.sileglostore.it/images/6009-1.jpg]
[www.sileglostore.it/files/6537-1--1-.jpg]
[www.sileglostore.it/images/6537-1.jpg]
[www.sileglostore.it/files/4920-1--1-.jpg]
[www.sileglostore.it/images/4920-1.jpg]
[www.sileglostore.it/files/6271-1--1-.jpg]
[www.sileglostore.it/images/6271-1.jpg]
[www.sileglostore.it/sistem.html]
[www.sileglostore.it/pcss/lone-ranger.css]
[www.sileglostore.it/files/79108-1--1-.jpg]
[www.sileglostore.it/images/79108-1.jpg]
[www.sileglostore.it/files/79111-1--1-.jpg]
[www.sileglostore.it/images/79111-1.jpg]
[www.sileglostore.it/lone-ranger.html]
[www.sileglostore.it/pcss/train.css]
[www.sileglostore.it/files/7938-1--1-.jpg]
[www.sileglostore.it/images/7938-1_f8g8129m.jpg]
[www.sileglostore.it/files/4519-1--1-.jpg]
[www.sileglostore.it/images/4519-1.jpg]
[www.sileglostore.it/train.html]
[www.sileglostore.it/pcss/altri-set.css]
[www.sileglostore.it/files/8077-1--1-.jpg]
[www.sileglostore.it/images/8077-1.jpg]
[www.sileglostore.it/files/8107-1--1-.jpg]
[www.sileglostore.it/images/8107-1.jpg]
[www.sileglostore.it/files/8075-1--1-.jpg]
[www.sileglostore.it/images/8075-1.jpg]
[www.sileglostore.it/files/7773-1--1-.jpg]
[www.sileglostore.it/images/7773-1.jpg]
[www.sileglostore.it/files/7298-1--1-.jpg]
[www.sileglostore.it/images/7298-1.jpg]
[www.sileglostore.it/files/8370-1--1-.jpg]
[www.sileglostore.it/images/8370-1.jpg]
[www.sileglostore.it/files/4669-1--1-.jpg]
[www.sileglostore.it/images/4669-1.jpg]
[www.sileglostore.it/files/7771-1--1-.jpg]
[www.sileglostore.it/images/7771-1.jpg]
[www.sileglostore.it/files/7297-1--1-.jpg]
[www.sileglostore.it/images/7297-1.jpg]
[www.sileglostore.it/files/7315-1--1-.jpg]
[www.sileglostore.it/images/7315-1.jpg]
[www.sileglostore.it/files/8125-1--1-.jpg]
[www.sileglostore.it/images/8125-1.jpg]
[www.sileglostore.it/files/6736-1--1-.jpg]
[www.sileglostore.it/images/6736-1.jpg]
[www.sileglostore.it/files/6933-1--1-.jpg]
[www.sileglostore.it/images/6933-1.jpg]
[www.sileglostore.it/files/6575-1--1-.jpg]
[www.sileglostore.it/images/6575-1.jpg]
[www.sileglostore.it/files/6679-1.gif]
[www.sileglostore.it/images/6679-1.jpg]
[www.sileglostore.it/files/8875-1--1-.jpg]
[www.sileglostore.it/images/8875-1.jpg]
[www.sileglostore.it/files/8902-1--1-.jpg]
[www.sileglostore.it/images/8902-1.jpg]
[www.sileglostore.it/files/6722-1--1-.jpg]
[www.sileglostore.it/images/6722-1.jpg]
[www.sileglostore.it/files/6721-1--1-.jpg]
[www.sileglostore.it/images/6721-1.jpg]
[www.sileglostore.it/files/6719-1--1-.jpg]
[www.sileglostore.it/images/6719-1.jpg]
[www.sileglostore.it/files/8795-1--1-.jpg]
[www.sileglostore.it/images/8795-1.jpg]
[www.sileglostore.it/files/8793-1--1-.jpg]
[www.sileglostore.it/images/8793-1.jpg]
[www.sileglostore.it/altri-set.html]
[www.sileglostore.it/pcss/harry-potter.css]
[www.sileglostore.it/files/4842-1--1-.jpg]
[www.sileglostore.it/images/4842-1.jpg]
[www.sileglostore.it/files/4865-1--1-.jpg]
[www.sileglostore.it/images/4865-1.jpg]
[www.sileglostore.it/files/4727-1--1-.jpg]
[www.sileglostore.it/images/4727-1.jpg]
[www.sileglostore.it/files/4841-1--1-.jpg]
[www.sileglostore.it/images/4841-1.jpg]
[www.sileglostore.it/files/4738-1--1-.jpg]
[www.sileglostore.it/images/4738-1.jpg]
[www.sileglostore.it/harry-potter.html]
[www.sileglostore.it/pcss/legoland.css]
[www.sileglostore.it/images/6274-1.jpg]
[www.sileglostore.it/files/6930-1--1-.jpg]
[www.sileglostore.it/images/6930-1.jpg]
[www.sileglostore.it/files/6073-1--1-.jpg]
[www.sileglostore.it/images/6073-1.jpg]
[www.sileglostore.it/files/6880-1.jpg]
[www.sileglostore.it/images/6880-1.gif]
[www.sileglostore.it/files/6042-1--1-.jpg]
[www.sileglostore.it/images/6042-1.jpg]
[www.sileglostore.it/images/6017-1.jpg]
[www.sileglostore.it/files/6381-1.jpg]
[www.sileglostore.it/images/6381-1.gif]
[www.sileglostore.it/files/6886-1.gif]
[www.sileglostore.it/images/6886-1.gif]
[www.sileglostore.it/legoland.html]
[connect.facebook.net/it_IT/all.js]
[www.sileglostore.it/index-2.html]
[www.sileglostore.it/pcss/pagamenti-e-spedizioni.css]
[www.sileglostore.it/pagamenti-e-spedizioni.html]
[www.sileglostore.it/res/impage.gif]
[www.sileglostore.it/imsitemap.html]
[www.sileglostore.it/res/x5engine.deferrable.js]
[www.paypal.com/it_IT/i/btn/btn_buynowCC_LG.gif]
[www.paypal.com/it_IT/i/scr/pixel.gif]
[www.sileglostore.it/res/l10n.js]
[www.sileglostore.it/res/x5cartengine.js]
[www.sileglostore.it/pcss/set-lego.css]
[www.sileglostore.it/pcss/heroes.css]
[www.sileglostore.it/files/6873-1--1-.jpg]
[www.sileglostore.it/images/6873-1.jpg]
[www.sileglostore.it/files/76003-1--1-.jpg]
[www.sileglostore.it/images/76003-1.jpg]
[www.sileglostore.it/files/6860-1--1-.jpg]
[www.sileglostore.it/images/6860-1.jpg]
[www.sileglostore.it/files/6866-1--1-.jpg]
[www.sileglostore.it/images/6866-1.jpg]
[www.sileglostore.it/files/6858-1--1-.jpg]
[www.sileglostore.it/images/6858-1.jpg]
[www.sileglostore.it/heroes.html]
[www.sileglostore.it/pcss/star-wars.css]
[www.sileglostore.it/files/7964-1--1-.jpg]
[www.sileglostore.it/images/7964-1.jpg]
[www.sileglostore.it/files/9516-1--1-.jpg]
[www.sileglostore.it/images/9516-1.jpg]
[www.sileglostore.it/files/7965-1--1-.jpg]
[www.sileglostore.it/images/7965-1.jpg]
[www.sileglostore.it/files/7749-1--1-.jpg]
[www.sileglostore.it/images/7749-1.jpg]
[www.sileglostore.it/images/10221-1_xb1595i7.jpg]
[www.sileglostore.it/images/10179-1_16nkpo52.jpg]
[www.sileglostore.it/files/9678-1--1-.jpg]
[www.sileglostore.it/images/9678-1.jpg]
[www.sileglostore.it/files/9674-1--1-.jpg]
[www.sileglostore.it/images/9674-1.jpg]
[www.sileglostore.it/files/9676-1--1-.jpg]
[www.sileglostore.it/images/9676-1.jpg]
[www.sileglostore.it/files/9675-1--1-.jpg]
[www.sileglostore.it/images/9675-1.jpg]
[www.sileglostore.it/files/9679-1--1-.jpg]
[www.sileglostore.it/images/9679-1.jpg]
[www.sileglostore.it/files/7663-1--1-.jpg]
[www.sileglostore.it/images/7663-1.jpg]
[www.sileglostore.it/files/7658-1--1-.jpg]
[www.sileglostore.it/images/7658-1.jpg]
[www.sileglostore.it/files/8036-1--1-.jpg]
[www.sileglostore.it/images/8036-1.jpg]
[www.sileglostore.it/files/7678-1.gif]
[www.sileglostore.it/images/7678-1.jpg]
[www.sileglostore.it/files/7670-1--1-.jpg]
[www.sileglostore.it/images/7670-1.jpg]
[www.sileglostore.it/files/8016-1--1-.jpg]
[www.sileglostore.it/images/8016-1.jpg]
[www.sileglostore.it/files/7748-1--1-.jpg]
[www.sileglostore.it/images/7748-1.jpg]
[www.sileglostore.it/star-wars.html]
[www.sileglostore.it/turtles.html]
[www.sileglostore.it/pcss/monster.css]
[www.sileglostore.it/files/9467-1.jpg]
[www.sileglostore.it/images/9467-1.jpg]
[www.sileglostore.it/monster.html]
[www.sileglostore.it/pcss/lord-.css]
[www.sileglostore.it/files/9469-1.jpg]
[www.sileglostore.it/images/9469-1.jpg]
[www.sileglostore.it/lord-.html]
[www.sileglostore.it/pcss/ninjago.css]
[www.sileglostore.it/files/9456-1--1-.jpg]
[www.sileglostore.it/images/9456-1.jpg]
[www.sileglostore.it/ninjago.html]
[www.sileglostore.it/hero.html]
[www.sileglostore.it/architetture.html]
[www.sileglostore.it/pcss/creator.css]
[www.sileglostore.it/files/5766-1.jpg]
[www.sileglostore.it/images/5766-1.jpg]
[www.sileglostore.it/files/4993-1.jpg]
[www.sileglostore.it/images/4993-1.jpg]
[www.sileglostore.it/files/31000-1--1-.jpg]
[www.sileglostore.it/images/31000-1.jpg]
[www.sileglostore.it/files/5770-1--1-.jpg]
[www.sileglostore.it/images/5770-1.jpg]
[www.sileglostore.it/creator.html]
[www.sileglostore.it/pcss/city.css]
[www.sileglostore.it/files/3182-1.jpg]
[www.sileglostore.it/images/3182-1.jpg]
[www.sileglostore.it/files/4203-1--1-.jpg]
[www.sileglostore.it/images/4203-1.jpg]
[www.sileglostore.it/images/7938-1.jpg]
[www.sileglostore.it/files/8402-1--1-.jpg]
[www.sileglostore.it/images/8402-1.jpg]
[www.sileglostore.it/files/5612-1--1-.jpg]
[www.sileglostore.it/images/5612-1.jpg]
[www.sileglostore.it/city.html]
[www.sileglostore.it/pcss/chima.css]
[www.sileglostore.it/files/70000-1--1-.jpg]
[www.sileglostore.it/images/70000-1.jpg]
[www.sileglostore.it/files/70001-1--1-.jpg]
[www.sileglostore.it/images/70001-1.jpg]
[www.sileglostore.it/chima.html]
[www.sileglostore.it/pcss/friend.css]
[www.sileglostore.it/files/3061-1--1-.jpg]
[www.sileglostore.it/images/3061-1.jpg]
[www.sileglostore.it/files/3939-1--1-.jpg]
[www.sileglostore.it/images/3939-1.jpg]
[www.sileglostore.it/friend.html]
[www.sileglostore.it/pcss/orient.css]
[www.sileglostore.it/files/7412-11.jpg]
[www.sileglostore.it/images/7412-1.jpg]
[www.sileglostore.it/files/7411-1--1-.jpg]
[www.sileglostore.it/images/7411-1.jpg]
[www.sileglostore.it/files/7410-1--1-.jpg]
[www.sileglostore.it/images/7410-1.jpg]
[www.sileglostore.it/orient.html]
[www.sileglostore.it/pcss/minifigures.css]
[www.sileglostore.it/pcss/serie-1-.css]
[www.sileglostore.it/images/TRISTE.jpg]
[www.sileglostore.it/serie-1-.html]
[www.sileglostore.it/pcss/serie-2.css]
[www.sileglostore.it/images/2.jpg]
[www.sileglostore.it/images/col02-1.jpg]
[www.sileglostore.it/images/col02-2.jpg]
[www.sileglostore.it/images/col02-3.jpg]
[www.sileglostore.it/images/col02-4.jpg]
[www.sileglostore.it/images/col02-5.jpg]
[www.sileglostore.it/images/col02-6.jpg]
[www.sileglostore.it/images/col02-7.jpg]
[www.sileglostore.it/images/col02-8.jpg]
[www.sileglostore.it/images/col02-9.jpg]
[www.sileglostore.it/images/col02-10.jpg]
[www.sileglostore.it/images/col02-11.jpg]
[www.sileglostore.it/images/col02-12.jpg]
[www.sileglostore.it/images/col02-13.jpg]
[www.sileglostore.it/images/col02-14.jpg]
[www.sileglostore.it/images/col02-15.jpg]
[www.sileglostore.it/images/col02-16.jpg]
[www.sileglostore.it/serie-2.html]
[www.sileglostore.it/pcss/serie-3.css]
[www.sileglostore.it/images/4614581-1.jpg]
[www.sileglostore.it/images/col03-1.jpg]
[www.sileglostore.it/images/col03-2.jpg]
[www.sileglostore.it/images/col03-3.jpg]
[www.sileglostore.it/images/col03-4.jpg]
[www.sileglostore.it/images/col03-5.jpg]
[www.sileglostore.it/images/col03-6.jpg]
[www.sileglostore.it/images/col03-7.jpg]
[www.sileglostore.it/images/col03-8.jpg]
[www.sileglostore.it/images/col03-9.jpg]
[www.sileglostore.it/images/col03-10.jpg]
[www.sileglostore.it/images/col03-11.jpg]
[www.sileglostore.it/images/col03-12.jpg]
[www.sileglostore.it/images/col03-13.jpg]
[www.sileglostore.it/images/col03-14.jpg]
[www.sileglostore.it/images/col03-15.jpg]
[www.sileglostore.it/images/col03-16.jpg]
[www.sileglostore.it/serie-3.html]
[www.sileglostore.it/pcss/serie-4-.css]
[www.sileglostore.it/images/4614586-1.jpg]
[www.sileglostore.it/images/col04-1.jpg]
[www.sileglostore.it/images/col04-2.jpg]
[www.sileglostore.it/images/col04-3.jpg]
[www.sileglostore.it/images/col04-4.jpg]
[www.sileglostore.it/images/col04-5.jpg]
[www.sileglostore.it/images/col04-6.jpg]
[www.sileglostore.it/images/col04-7.jpg]
[www.sileglostore.it/images/col04-8.jpg]
[www.sileglostore.it/images/col04-9.jpg]
[www.sileglostore.it/images/col04-10.jpg]
[www.sileglostore.it/images/col04-11.jpg]
[www.sileglostore.it/images/col04-12.jpg]
[www.sileglostore.it/images/col04-13.jpg]
[www.sileglostore.it/images/col04-14.jpg]
[www.sileglostore.it/images/col04-15.jpg]
[www.sileglostore.it/images/col04-16.jpg]
[www.sileglostore.it/serie-4-.html]
[www.sileglostore.it/pcss/serie-6.css]
[www.sileglostore.it/images/4648586-1.jpg]
[www.sileglostore.it/images/col06-1.jpg]
[www.sileglostore.it/images/col06-2.jpg]
[www.sileglostore.it/images/col06-3.jpg]
[www.sileglostore.it/images/col06-4.jpg]
[www.sileglostore.it/images/col06-5.jpg]
[www.sileglostore.it/images/col06-6.jpg]
[www.sileglostore.it/images/col06-7.jpg]
[www.sileglostore.it/images/col06-8.jpg]
[www.sileglostore.it/images/col06-9.jpg]
[www.sileglostore.it/images/col06-10.jpg]
[www.sileglostore.it/images/col06-11.jpg]
[www.sileglostore.it/images/col06-12.jpg]
[www.sileglostore.it/images/col06-13.jpg]
[www.sileglostore.it/images/col06-14.jpg]
[www.sileglostore.it/images/col06-15.jpg]
[www.sileglostore.it/images/col06-16.jpg]
[www.sileglostore.it/serie-6.html]
[www.sileglostore.it/pcss/serie-5.css]
[www.sileglostore.it/images/4614607-1.jpg]
[www.sileglostore.it/images/col05-1.jpg]
[www.sileglostore.it/images/col05-2.jpg]
[www.sileglostore.it/images/col05-3.jpg]
[www.sileglostore.it/images/col05-4.jpg]
[www.sileglostore.it/images/col05-5.jpg]
[www.sileglostore.it/images/col05-6.jpg]
[www.sileglostore.it/images/col05-7.jpg]
[www.sileglostore.it/images/col05-8.jpg]
[www.sileglostore.it/images/col05-9.jpg]
[www.sileglostore.it/images/col05-10.jpg]
[www.sileglostore.it/images/col05-11.jpg]
[www.sileglostore.it/images/col05-12.jpg]
[www.sileglostore.it/images/col05-13.jpg]
[www.sileglostore.it/images/col05-14.jpg]
[www.sileglostore.it/images/col05-15.jpg]
[www.sileglostore.it/images/col05-16.jpg]
[www.sileglostore.it/serie-5.html]
[www.sileglostore.it/pcss/serie-7.css]
[www.sileglostore.it/images/4648578-1.jpg]
[www.sileglostore.it/images/col07-1.jpg]
[www.sileglostore.it/images/col07-2.jpg]
[www.sileglostore.it/images/col07-3.jpg]
[www.sileglostore.it/images/col07-4.jpg]
[www.sileglostore.it/images/col07-5.jpg]
[www.sileglostore.it/images/col07-6.jpg]
[www.sileglostore.it/images/col07-7.jpg]
[www.sileglostore.it/images/col07-8.jpg]
[www.sileglostore.it/images/col07-9.jpg]
[www.sileglostore.it/images/col07-10.jpg]
[www.sileglostore.it/images/col07-11.jpg]
[www.sileglostore.it/images/col07-12.jpg]
[www.sileglostore.it/images/col07-13.jpg]
[www.sileglostore.it/images/col07-14.jpg]
[www.sileglostore.it/images/col07-15.jpg]
[www.sileglostore.it/images/col07-16.jpg]
[www.sileglostore.it/serie-7.html]
[www.sileglostore.it/pcss/serie-8.css]
[www.sileglostore.it/images/col08-1.jpg]
[www.sileglostore.it/images/col08-2.jpg]
[www.sileglostore.it/images/col08-3.jpg]
[www.sileglostore.it/images/col08-4.jpg]
[www.sileglostore.it/images/col08-5.jpg]
[www.sileglostore.it/images/col08-6.jpg]
[www.sileglostore.it/images/col08-7.jpg]
[www.sileglostore.it/images/col08-8.jpg]
[www.sileglostore.it/images/col08-9.jpg]
[www.sileglostore.it/images/col08-10.jpg]
[www.sileglostore.it/images/col08-11.jpg]
[www.sileglostore.it/images/col08-12.jpg]
[www.sileglostore.it/images/col08-13.jpg]
[www.sileglostore.it/images/col08-14.jpg]
[www.sileglostore.it/images/col08-15.jpg]
[www.sileglostore.it/images/col08-16.jpg]
[www.sileglostore.it/serie-8.html]
[www.sileglostore.it/pcss/serie-9.css]
[www.sileglostore.it/images/col09-1.jpg]
[www.sileglostore.it/images/col09-2.jpg]
[www.sileglostore.it/images/col09-3.jpg]
[www.sileglostore.it/images/col09-4.jpg]
[www.sileglostore.it/images/col09-5.jpg]
[www.sileglostore.it/images/col09-6--1-.jpg]
[www.sileglostore.it/images/col09-7--1-.jpg]
[www.sileglostore.it/images/col09-8--1-.jpg]
[www.sileglostore.it/images/col09-9--1-.jpg]
[www.sileglostore.it/images/col09-10--1-.jpg]
[www.sileglostore.it/images/col09-11--1-.jpg]
[www.sileglostore.it/images/col09-12--1-.jpg]
[www.sileglostore.it/images/col09-13--1-.jpg]
[www.sileglostore.it/images/col09-14--1-.jpg]
[www.sileglostore.it/images/col09-15--1-.jpg]
[www.sileglostore.it/images/col09-16--1-.jpg]
[www.sileglostore.it/serie-9.html]
[www.sileglostore.it/pcss/serie10.css]
[www.sileglostore.it/images/col10-1.jpg]
[www.sileglostore.it/images/col10-2.jpg]
[www.sileglostore.it/images/col10-3.jpg]
[www.sileglostore.it/images/col10-4.jpg]
[www.sileglostore.it/images/col10-5.jpg]
[www.sileglostore.it/images/col10-6.jpg]
[www.sileglostore.it/images/col10-7.jpg]
[www.sileglostore.it/images/col10-8.jpg]
[www.sileglostore.it/images/col10-9.jpg]
[www.sileglostore.it/images/col10-10.jpg]
[www.sileglostore.it/images/col10-11.jpg]
[www.sileglostore.it/images/col10-12.jpg]
[www.sileglostore.it/images/col10-13.jpg]
[www.sileglostore.it/images/col10-14.jpg]
[www.sileglostore.it/images/col10-15.jpg]
[www.sileglostore.it/images/col10-16.jpg]
[www.sileglostore.it/images/col10-17.jpg]
[www.sileglostore.it/serie10.html]
[www.sileglostore.it/pcss/signore-anelli.css]
[www.sileglostore.it/images/lor017.jpg]
[www.sileglostore.it/images/lor014.jpg]
[www.sileglostore.it/images/lor028.jpg]
[www.sileglostore.it/images/lor001.jpg]
[www.sileglostore.it/images/lor013.jpg]
[www.sileglostore.it/images/lor006.jpg]
[www.sileglostore.it/signore-anelli.html]
[www.sileglostore.it/pcss/sfuso.css]
[www.sileglostore.it/pcss/gadget.css]
[www.sileglostore.it/pcss/giocattoli-vintage.css]
[www.sileglostore.it/pcss/schleich.css]
[www.sileglostore.it/pcss/puffi.css]
[www.sileglostore.it/files/ScreenHunter_46-Jul.-14-11.32.jpg]
[www.sileglostore.it/images/ScreenHunter_46-Jul.-14-11.32.jpg]
[www.sileglostore.it/files/ScreenHunter_47-Jul.-14-11.32.jpg]
[www.sileglostore.it/images/ScreenHunter_47-Jul.-14-11.32.jpg]
[www.sileglostore.it/files/ScreenHunter_48-Jul.-14-11.32.jpg]
[www.sileglostore.it/images/ScreenHunter_48-Jul.-14-11.32.jpg]
[www.sileglostore.it/files/ScreenHunter_49-Jul.-14-11.33.jpg]
[www.sileglostore.it/images/ScreenHunter_49-Jul.-14-11.33.jpg]
[www.sileglostore.it/files/ScreenHunter_50-Jul.-14-11.33.jpg]
[www.sileglostore.it/images/ScreenHunter_50-Jul.-14-11.33.jpg]
[www.sileglostore.it/files/ScreenHunter_51-Jul.-14-11.33.jpg]
[www.sileglostore.it/images/ScreenHunter_51-Jul.-14-11.33.jpg]
[www.sileglostore.it/files/ScreenHunter_53-Jul.-14-11.33.jpg]
[www.sileglostore.it/images/ScreenHunter_53-Jul.-14-11.33.jpg]
[www.sileglostore.it/files/ScreenHunter_54-Jul.-14-11.34.jpg]
[www.sileglostore.it/images/ScreenHunter_54-Jul.-14-11.34.jpg]
[www.sileglostore.it/files/ScreenHunter_55-Jul.-14-11.34.jpg]
[www.sileglostore.it/images/ScreenHunter_55-Jul.-14-11.34.jpg]
[www.sileglostore.it/files/ScreenHunter_56-Jul.-14-11.34.jpg]
[www.sileglostore.it/images/ScreenHunter_56-Jul.-14-11.34.jpg]
[www.sileglostore.it/files/ScreenHunter_57-Jul.-14-11.35.jpg]
[www.sileglostore.it/images/ScreenHunter_57-Jul.-14-11.35.jpg]
[www.sileglostore.it/files/ScreenHunter_58-Jul.-14-11.35.jpg]
[www.sileglostore.it/images/ScreenHunter_58-Jul.-14-11.35.jpg]
[www.sileglostore.it/files/ScreenHunter_59-Jul.-14-11.35.jpg]
[www.sileglostore.it/images/ScreenHunter_59-Jul.-14-11.35.jpg]
[www.sileglostore.it/files/ScreenHunter_60-Jul.-14-11.35.jpg]
[www.sileglostore.it/images/ScreenHunter_60-Jul.-14-11.35.jpg]
[www.sileglostore.it/puffi.html]
[www.sileglostore.it/pcss/dinosauri.css]
[www.sileglostore.it/files/ScreenHunter_35-Jul.-14-11.04.jpg]
[www.sileglostore.it/images/ScreenHunter_35-Jul.-14-11.04.jpg]
[www.sileglostore.it/files/ScreenHunter_36-Jul.-14-11.04.jpg]
[www.sileglostore.it/images/ScreenHunter_36-Jul.-14-11.04.jpg]
[www.sileglostore.it/files/ScreenHunter_37-Jul.-14-11.06.jpg]
[www.sileglostore.it/images/ScreenHunter_37-Jul.-14-11.06.jpg]
[www.sileglostore.it/files/ScreenHunter_38-Jul.-14-11.06.jpg]
[www.sileglostore.it/images/ScreenHunter_38-Jul.-14-11.06.jpg]
[www.sileglostore.it/files/ScreenHunter_44-Jul.-14-11.10.jpg]
[www.sileglostore.it/images/ScreenHunter_44-Jul.-14-11.10.jpg]
[www.sileglostore.it/files/ScreenHunter_39-Jul.-14-11.07.jpg]
[www.sileglostore.it/images/ScreenHunter_39-Jul.-14-11.07.jpg]
[www.sileglostore.it/files/ScreenHunter_40-Jul.-14-11.08.jpg]
[www.sileglostore.it/images/ScreenHunter_40-Jul.-14-11.08.jpg]
[www.sileglostore.it/files/ScreenHunter_42-Jul.-14-11.09.jpg]
[www.sileglostore.it/images/ScreenHunter_42-Jul.-14-11.09.jpg]
[www.sileglostore.it/files/ScreenHunter_43-Jul.-14-11.09.jpg]
[www.sileglostore.it/images/ScreenHunter_43-Jul.-14-11.09.jpg]
[www.sileglostore.it/files/ScreenHunter_41-Jul.-14-11.08.jpg]
[www.sileglostore.it/images/ScreenHunter_41-Jul.-14-11.08.jpg]
[www.sileglostore.it/dinosauri.html]
[www.sileglostore.it/pcss/animali.css]
[www.sileglostore.it/files/ScreenHunter_08-Jul.-14-08.48.jpg]
[www.sileglostore.it/images/ScreenHunter_08-Jul.-14-08.48.jpg]
[www.sileglostore.it/files/ScreenHunter_09-Jul.-14-08.53.jpg]
[www.sileglostore.it/images/ScreenHunter_09-Jul.-14-08.53.jpg]
[www.sileglostore.it/images/ScreenHunter_10-Jul.-14-08.58.jpg]
[www.sileglostore.it/files/ScreenHunter_12-Jul.-14-08.59.jpg]
[www.sileglostore.it/images/ScreenHunter_12-Jul.-14-08.59.jpg]
[www.sileglostore.it/files/ScreenHunter_14-Jul.-14-09.15.jpg]
[www.sileglostore.it/images/ScreenHunter_14-Jul.-14-09.15.jpg]
[www.sileglostore.it/files/ScreenHunter_13-Jul.-14-09.14.jpg]
[www.sileglostore.it/images/ScreenHunter_13-Jul.-14-09.14.jpg]
[www.sileglostore.it/files/ScreenHunter_15-Jul.-14-09.29.jpg]
[www.sileglostore.it/images/ScreenHunter_15-Jul.-14-09.29.jpg]
[www.sileglostore.it/files/ScreenHunter_17-Jul.-14-09.30.jpg]
[www.sileglostore.it/images/ScreenHunter_17-Jul.-14-09.30.jpg]
[www.sileglostore.it/files/ScreenHunter_18-Jul.-14-09.30.jpg]
[www.sileglostore.it/images/ScreenHunter_18-Jul.-14-09.30.jpg]
[www.sileglostore.it/files/ScreenHunter_19-Jul.-14-09.30.jpg]
[www.sileglostore.it/images/ScreenHunter_19-Jul.-14-09.30.jpg]
[www.sileglostore.it/files/ScreenHunter_21-Jul.-14-09.39.jpg]
[www.sileglostore.it/images/ScreenHunter_21-Jul.-14-09.39.jpg]
[www.sileglostore.it/files/ScreenHunter_22-Jul.-14-09.40.jpg]
[www.sileglostore.it/images/ScreenHunter_22-Jul.-14-09.40.jpg]
[www.sileglostore.it/files/ScreenHunter_20-Jul.-14-09.31.jpg]
[www.sileglostore.it/images/ScreenHunter_20-Jul.-14-09.31.jpg]
[www.sileglostore.it/files/ScreenHunter_25-Jul.-14-09.48.jpg]
[www.sileglostore.it/images/ScreenHunter_25-Jul.-14-09.48.jpg]
[www.sileglostore.it/files/ScreenHunter_26-Jul.-14-09.51.jpg]
[www.sileglostore.it/images/ScreenHunter_26-Jul.-14-09.51.jpg]
[www.sileglostore.it/files/ScreenHunter_27-Jul.-14-09.51.jpg]
[www.sileglostore.it/images/ScreenHunter_27-Jul.-14-09.51.jpg]
[www.sileglostore.it/files/ScreenHunter_28-Jul.-14-09.55.jpg]
[www.sileglostore.it/images/ScreenHunter_28-Jul.-14-09.55.jpg]
[www.sileglostore.it/files/ScreenHunter_29-Jul.-14-09.55.jpg]
[www.sileglostore.it/images/ScreenHunter_29-Jul.-14-09.55.jpg]
[www.sileglostore.it/files/ScreenHunter_30-Jul.-14-10.00.jpg]
[www.sileglostore.it/images/ScreenHunter_30-Jul.-14-10.00.jpg]
[www.sileglostore.it/files/ScreenHunter_31-Jul.-14-10.01.jpg]
[www.sileglostore.it/images/ScreenHunter_31-Jul.-14-10.01.jpg]
[www.sileglostore.it/files/ScreenHunter_32-Jul.-14-10.02.jpg]
[www.sileglostore.it/images/ScreenHunter_32-Jul.-14-10.02.jpg]
[www.sileglostore.it/files/ScreenHunter_34-Jul.-14-10.03.jpg]
[www.sileglostore.it/images/ScreenHunter_34-Jul.-14-10.03.jpg]
[www.sileglostore.it/files/ScreenHunter_33-Jul.-14-10.02.jpg]
[www.sileglostore.it/images/ScreenHunter_33-Jul.-14-10.02.jpg]
[www.sileglostore.it/animali.html]
[www.sileglostore.it/pcss/elfi.css]
[www.sileglostore.it/files/ScreenHunter_61-Jul.-14-12.25.jpg]
[www.sileglostore.it/images/ScreenHunter_61-Jul.-14-12.25.jpg]
[www.sileglostore.it/files/ScreenHunter_63-Jul.-14-12.26.jpg]
[www.sileglostore.it/images/ScreenHunter_63-Jul.-14-12.26.jpg]
[www.sileglostore.it/files/ScreenHunter_65-Jul.-14-12.26.jpg]
[www.sileglostore.it/images/ScreenHunter_65-Jul.-14-12.26.jpg]
[www.sileglostore.it/files/ScreenHunter_67-Jul.-14-12.34.jpg]
[www.sileglostore.it/images/ScreenHunter_67-Jul.-14-12.34.jpg]
[www.sileglostore.it/elfi.html]
[www.sileglostore.it/pcss/draghi.css]
[www.sileglostore.it/files/ScreenHunter_45-Jul.-14-11.31.jpg]
[www.sileglostore.it/images/ScreenHunter_45-Jul.-14-11.31.jpg]
[www.sileglostore.it/files/ScreenHunter_68-Jul.-14-12.47.jpg]
[www.sileglostore.it/images/ScreenHunter_68-Jul.-14-12.47.jpg]
[www.sileglostore.it/files/ScreenHunter_69-Jul.-14-12.47.jpg]
[www.sileglostore.it/images/ScreenHunter_69-Jul.-14-12.47.jpg]
[www.sileglostore.it/draghi.html]
[www.sileglostore.it/pcss/mega-bloks.css]
[www.sileglostore.it/pcss/ordini.css]
[www.sileglostore.it/pcss/eventi.css]
[www.sileglostore.it/pcss/contatti.css]
[www.sileglostore.it/pcss/collezionisti.css]
[www.sileglostore.it/pcss/technic.css]
[www.sileglostore.it/pcss/sistem.css]
[www.sileglostore.it/pcss/lone-ranger.css]
[www.sileglostore.it/pcss/train.css]
[www.sileglostore.it/pcss/altri-set.css]
[www.sileglostore.it/pcss/harry-potter.css]
[www.sileglostore.it/pcss/legoland.css]
[www.sileglostore.it/ABCDEFGHIJKLMNOPQRSTUVWXYZabcdefghijklmnopqrstuvwxyz0123456789+/index.html]
[www.sileglostore.it/index-2.html]
[www.sileglostore.it/pcss/pagamenti-e-spedizioni.css]
[www.sileglostore.it/res/res/expressInstall.html]
[www.sileglostore.it/res/res/imfolder_open.html]
[www.sileglostore.it/res/res/imfolder_closed.html]
[www.sileglostore.it/res/res/imClose.html]
[www.sileglostore.it/res/index.html]
[www.sileglostore.it/pcss/heroes.css]
[www.sileglostore.it/pcss/star-wars.css]
[www.sileglostore.it/pcss/monster.css]
[www.sileglostore.it/pcss/lord-.css]
[www.sileglostore.it/pcss/ninjago.css]
[www.sileglostore.it/pcss/creator.css]
[www.sileglostore.it/pcss/city.css]
[www.sileglostore.it/pcss/chima.css]
[www.sileglostore.it/pcss/friend.css]
[www.sileglostore.it/pcss/orient.css]
[www.sileglostore.it/pcss/serie-1-.css]
[www.sileglostore.it/pcss/serie-2.css]
[www.sileglostore.it/pcss/serie-3.css]
[www.sileglostore.it/pcss/serie-4-.css]
[www.sileglostore.it/pcss/serie-6.css]
[www.sileglostore.it/pcss/serie-5.css]
[www.sileglostore.it/pcss/serie-7.css]
[www.sileglostore.it/pcss/serie-8.css]
[www.sileglostore.it/pcss/serie-9.css]
[www.sileglostore.it/pcss/serie10.css]
[www.sileglostore.it/pcss/signore-anelli.css]
[www.sileglostore.it/pcss/puffi.css]
[www.sileglostore.it/pcss/dinosauri.css]
[www.sileglostore.it/pcss/animali.css]
[www.sileglostore.it/pcss/elfi.css]
[www.sileglostore.it/pcss/draghi.css]
